[spruko.com/demo/tailwind/xintra/dist/html/index9.html]
[backblue.gif]
[fade.gif]
[index.html]
[spruko.com/demo/tailwind/xintra/dist/assets/libs/choices.js/public/assets/scripts/choices.min.js]
[spruko.com/demo/tailwind/xintra/dist/assets/js/main.js]
[spruko.com/demo/tailwind/xintra/dist/assets/js/switch.js]
[spruko.com/demo/tailwind/xintra/dist/assets/libs/@popperjs/core/umd/popper.min.js]
[spruko.com/demo/tailwind/xintra/dist/assets/libs/preline/preline.js]
[spruko.com/demo/tailwind/xintra/dist/assets/js/defaultmenu.min.js]
[spruko.com/demo/tailwind/xintra/dist/assets/libs/node-waves/waves.min.js]
[spruko.com/demo/tailwind/xintra/dist/assets/js/sticky.js]
[spruko.com/demo/tailwind/xintra/dist/assets/libs/simplebar/simplebar.min.js]
[spruko.com/demo/tailwind/xintra/dist/assets/js/simplebar.js]
[spruko.com/demo/tailwind/xintra/dist/assets/libs/@tarekraafat/autocomplete.js/autoComplete.min.js]
[spruko.com/demo/tailwind/xintra/dist/assets/libs/@simonwep/pickr/pickr.es5.min.js]
[spruko.com/demo/tailwind/xintra/dist/assets/libs/flatpickr/flatpickr.min.js]
[spruko.com/demo/tailwind/xintra/dist/assets/libs/apexcharts/apexcharts.min.js]
[spruko.com/demo/tailwind/xintra/dist/assets/js/projects-dashboard.js]
[spruko.com/demo/tailwind/xintra/dist/assets/js/custom.js]
[spruko.com/demo/tailwind/xintra/dist/assets/js/custom-switcher.min.js]
[spruko.com/demo/tailwind/xintra/dist/html/index9.html]
[spruko.com/demo/tailwind/xintra/dist/assets/images/menu-bg-images/bg-img1.jpg]
[spruko.com/demo/tailwind/xintra/dist/assets/images/menu-bg-images/bg-img2.jpg]
[spruko.com/demo/tailwind/xintra/dist/assets/images/menu-bg-images/bg-img3.jpg]
[spruko.com/demo/tailwind/xintra/dist/assets/images/menu-bg-images/bg-img4.jpg]
[spruko.com/demo/tailwind/xintra/dist/assets/images/menu-bg-images/bg-img5.jpg]
[spruko.com/demo/tailwind/xintra/dist/assets/images/media/media-84.jpg]
[spruko.com/demo/tailwind/xintra/dist/assets/images/media/backgrounds/1.jpg]
[spruko.com/demo/tailwind/xintra/dist/assets/images/menu-bg-images/transparent.png]
[spruko.com/demo/tailwind/xintra/dist/assets/images/media/media-67.png]
[spruko.com/demo/tailwind/xintra/dist/assets/images/media/media-69.jpg]
[spruko.com/demo/tailwind/xintra/dist/assets/images/media/media-70.jpg]
[spruko.com/demo/tailwind/xintra/dist/assets/images/media/media-87.png]
[spruko.com/demo/tailwind/xintra/dist/assets/images/media/media-89.png]
[spruko.com/demo/tailwind/xintra/dist/assets/images/nft-images/35.jpg]
[spruko.com/demo/tailwind/xintra/dist/assets/images/media/media-88.jpg]
[spruko.com/demo/tailwind/xintra/dist/assets/images/media/media-73.png]
[spruko.com/demo/tailwind/xintra/dist/assets/images/media/media-82.jpg]
[spruko.com/demo/tailwind/xintra/dist/assets/images/media/media-80.jpg]
[spruko.com/demo/tailwind/xintra/dist/assets/images/media/media-72.jpg]
[spruko.com/demo/tailwind/xintra/dist/assets/images/podcast/5.jpg]
[spruko.com/demo/tailwind/xintra/dist/assets/images/flags/intel-input/flags.png]
[spruko.com/demo/tailwind/xintra/dist/assets/images/media/media-25.jpg]
[spruko.com/demo/tailwind/xintra/dist/assets/images/media/media-35.jpg]
[spruko.com/demo/tailwind/xintra/dist/assets/css/styles.css]
[spruko.com/demo/tailwind/xintra/dist/assets/libs/node-waves/waves.min.css]
[spruko.com/demo/tailwind/xintra/dist/assets/libs/simplebar/simplebar.min.css]
[spruko.com/demo/tailwind/xintra/dist/assets/libs/flatpickr/flatpickr.min.css]
[spruko.com/demo/tailwind/xintra/dist/assets/libs/@simonwep/pickr/themes/nano.min.css]
[spruko.com/demo/tailwind/xintra/dist/assets/libs/choices.js/public/assets/styles/choices.min.css]
[spruko.com/demo/tailwind/xintra/dist/assets/libs/@tarekraafat/autocomplete.js/css/autoComplete.css]
[spruko.com/demo/tailwind/xintra/dist/assets/css/fonts/tabler-icons2d35.html]
[spruko.com/demo/tailwind/xintra/dist/assets/libs/@tarekraafat/autocomplete.js/css/images/search.svg]
